
[00:35:24 UTC] [SUCCESS] {"required_plugins":{"active":[],"inactive":[{"slug":"woocommerce","init":"woocommerce\/woocommerce.php","name":"WooCommerce","action":"http:\/\/localhost\/wordpress\/wp-admin\/plugins.php?action=activate&plugin=woocommerce%2Fwoocommerce.php&_wpnonce=b0271e9531"}],"notinstalled":[{"slug":"cartflows","init":"cartflows\/cartflows.php","name":"CartFlows","action":"http:\/\/localhost\/wordpress\/wp-admin\/update.php?action=install-plugin&plugin=cartflows&_wpnonce=867b224e87"},{"slug":"ultimate-addons-for-gutenberg","init":"ultimate-addons-for-gutenberg\/ultimate-addons-for-gutenberg.php","name":"Spectra","action":"http:\/\/localhost\/wordpress\/wp-admin\/update.php?action=install-plugin&plugin=ultimate-addons-for-gutenberg&_wpnonce=3c3a3f628e"},{"slug":"sureforms","init":"sureforms\/sureforms.php","name":"SureForms","action":"http:\/\/localhost\/wordpress\/wp-admin\/update.php?action=install-plugin&plugin=sureforms&_wpnonce=df0eabacbd"},{"slug":"variation-swatches-woo","init":"variation-swatches-woo\/variation-swatches-woo.php","name":"Variation Swatches for WooCommerce","action":"http:\/\/localhost\/wordpress\/wp-admin\/update.php?action=install-plugin&plugin=variation-swatches-woo&_wpnonce=7527d94c41"},{"slug":"woo-cart-abandonment-recovery","init":"woo-cart-abandonment-recovery\/woo-cart-abandonment-recovery.php","name":"Cart Abandonment Recovery for WooCommerce","action":"http:\/\/localhost\/wordpress\/wp-admin\/update.php?action=install-plugin&plugin=woo-cart-abandonment-recovery&_wpnonce=a898de65b6"},{"slug":"woocommerce-payments","init":"woocommerce-payments\/woocommerce-payments.php","name":"WooPayments","action":"http:\/\/localhost\/wordpress\/wp-admin\/update.php?action=install-plugin&plugin=woocommerce-payments&_wpnonce=641c6041a6"},{"slug":"modern-cart","init":"modern-cart\/modern-cart.php","name":"Modern Cart Starter for WooCommerce","action":"http:\/\/localhost\/wordpress\/wp-admin\/update.php?action=install-plugin&plugin=modern-cart&_wpnonce=fad1d26648"},{"slug":"power-coupons","init":"power-coupons\/power-coupons.php","name":"Power Coupons for WooCommerce","action":"http:\/\/localhost\/wordpress\/wp-admin\/update.php?action=install-plugin&plugin=power-coupons&_wpnonce=871b2dc5d2"}]},"third_party_required_plugins":[],"update_avilable_plugins":[{"slug":"woocommerce","init":"woocommerce\/woocommerce.php","name":"WooCommerce"}],"incompatible_plugins":[],"error":false} | Context: {"required_plugins":{"active":[],"inactive":[{"slug":"woocommerce","init":"woocommerce\/woocommerce.php","name":"WooCommerce","action":"http:\/\/localhost\/wordpress\/wp-admin\/plugins.php?action=activate&plugin=woocommerce%2Fwoocommerce.php&_wpnonce=b0271e9531"}],"notinstalled":[{"slug":"cartflows","init":"cartflows\/cartflows.php","name":"CartFlows","action":"http:\/\/localhost\/wordpress\/wp-admin\/update.php?action=install-plugin&plugin=cartflows&_wpnonce=867b224e87"},{"slug":"ultimate-addons-for-gutenberg","init":"ultimate-addons-for-gutenberg\/ultimate-addons-for-gutenberg.php","name":"Spectra","action":"http:\/\/localhost\/wordpress\/wp-admin\/update.php?action=install-plugin&plugin=ultimate-addons-for-gutenberg&_wpnonce=3c3a3f628e"},{"slug":"sureforms","init":"sureforms\/sureforms.php","name":"SureForms","action":"http:\/\/localhost\/wordpress\/wp-admin\/update.php?action=install-plugin&plugin=sureforms&_wpnonce=df0eabacbd"},{"slug":"variation-swatches-woo","init":"variation-swatches-woo\/variation-swatches-woo.php","name":"Variation Swatches for WooCommerce","action":"http:\/\/localhost\/wordpress\/wp-admin\/update.php?action=install-plugin&plugin=variation-swatches-woo&_wpnonce=7527d94c41"},{"slug":"woo-cart-abandonment-recovery","init":"woo-cart-abandonment-recovery\/woo-cart-abandonment-recovery.php","name":"Cart Abandonment Recovery for WooCommerce","action":"http:\/\/localhost\/wordpress\/wp-admin\/update.php?action=install-plugin&plugin=woo-cart-abandonment-recovery&_wpnonce=a898de65b6"},{"slug":"woocommerce-payments","init":"woocommerce-payments\/woocommerce-payments.php","name":"WooPayments","action":"http:\/\/localhost\/wordpress\/wp-admin\/update.php?action=install-plugin&plugin=woocommerce-payments&_wpnonce=641c6041a6"},{"slug":"modern-cart","init":"modern-cart\/modern-cart.php","name":"Modern Cart Starter for WooCommerce","action":"http:\/\/localhost\/wordpress\/wp-admin\/update.php?action=install-plugin&plugin=modern-cart&_wpnonce=fad1d26648"},{"slug":"power-coupons","init":"power-coupons\/power-coupons.php","name":"Power Coupons for WooCommerce","action":"http:\/\/localhost\/wordpress\/wp-admin\/update.php?action=install-plugin&plugin=power-coupons&_wpnonce=871b2dc5d2"}]},"third_party_required_plugins":[],"update_avilable_plugins":[{"slug":"woocommerce","init":"woocommerce\/woocommerce.php","name":"WooCommerce"}],"incompatible_plugins":[],"error":false}
[00:35:27 UTC] [SUCCESS] {"permissions":{"is_readable":true,"is_writable":true,"is_wp_filesystem":true},"directory":"C:\\xampp\\htdocs\\wordpress\/wp-content\/uploads"} | Context: {"permissions":{"is_readable":true,"is_writable":true,"is_wp_filesystem":true},"directory":"C:\\xampp\\htdocs\\wordpress\/wp-content\/uploads"}
[00:35:31 UTC] [SUCCESS] {"required_plugins":{"active":[],"inactive":[{"slug":"woocommerce","init":"woocommerce\/woocommerce.php","name":"WooCommerce","action":"http:\/\/localhost\/wordpress\/wp-admin\/plugins.php?action=activate&plugin=woocommerce%2Fwoocommerce.php&_wpnonce=b0271e9531"}],"notinstalled":[{"slug":"cartflows","init":"cartflows\/cartflows.php","name":"CartFlows","action":"http:\/\/localhost\/wordpress\/wp-admin\/update.php?action=install-plugin&plugin=cartflows&_wpnonce=867b224e87"},{"slug":"ultimate-addons-for-gutenberg","init":"ultimate-addons-for-gutenberg\/ultimate-addons-for-gutenberg.php","name":"Spectra","action":"http:\/\/localhost\/wordpress\/wp-admin\/update.php?action=install-plugin&plugin=ultimate-addons-for-gutenberg&_wpnonce=3c3a3f628e"},{"slug":"sureforms","init":"sureforms\/sureforms.php","name":"SureForms","action":"http:\/\/localhost\/wordpress\/wp-admin\/update.php?action=install-plugin&plugin=sureforms&_wpnonce=df0eabacbd"},{"slug":"variation-swatches-woo","init":"variation-swatches-woo\/variation-swatches-woo.php","name":"Variation Swatches for WooCommerce","action":"http:\/\/localhost\/wordpress\/wp-admin\/update.php?action=install-plugin&plugin=variation-swatches-woo&_wpnonce=7527d94c41"},{"slug":"woo-cart-abandonment-recovery","init":"woo-cart-abandonment-recovery\/woo-cart-abandonment-recovery.php","name":"Cart Abandonment Recovery for WooCommerce","action":"http:\/\/localhost\/wordpress\/wp-admin\/update.php?action=install-plugin&plugin=woo-cart-abandonment-recovery&_wpnonce=a898de65b6"},{"slug":"woocommerce-payments","init":"woocommerce-payments\/woocommerce-payments.php","name":"WooPayments","action":"http:\/\/localhost\/wordpress\/wp-admin\/update.php?action=install-plugin&plugin=woocommerce-payments&_wpnonce=641c6041a6"},{"slug":"modern-cart","init":"modern-cart\/modern-cart.php","name":"Modern Cart Starter for WooCommerce","action":"http:\/\/localhost\/wordpress\/wp-admin\/update.php?action=install-plugin&plugin=modern-cart&_wpnonce=fad1d26648"},{"slug":"power-coupons","init":"power-coupons\/power-coupons.php","name":"Power Coupons for WooCommerce","action":"http:\/\/localhost\/wordpress\/wp-admin\/update.php?action=install-plugin&plugin=power-coupons&_wpnonce=871b2dc5d2"},{"name":"SureRank","slug":"surerank","init":"surerank\/surerank.php","action":"http:\/\/localhost\/wordpress\/wp-admin\/update.php?action=install-plugin&plugin=surerank&_wpnonce=41f8aa5e76"}]},"third_party_required_plugins":[],"update_avilable_plugins":[{"slug":"woocommerce","init":"woocommerce\/woocommerce.php","name":"WooCommerce"}],"incompatible_plugins":[],"error":false} | Context: {"required_plugins":{"active":[],"inactive":[{"slug":"woocommerce","init":"woocommerce\/woocommerce.php","name":"WooCommerce","action":"http:\/\/localhost\/wordpress\/wp-admin\/plugins.php?action=activate&plugin=woocommerce%2Fwoocommerce.php&_wpnonce=b0271e9531"}],"notinstalled":[{"slug":"cartflows","init":"cartflows\/cartflows.php","name":"CartFlows","action":"http:\/\/localhost\/wordpress\/wp-admin\/update.php?action=install-plugin&plugin=cartflows&_wpnonce=867b224e87"},{"slug":"ultimate-addons-for-gutenberg","init":"ultimate-addons-for-gutenberg\/ultimate-addons-for-gutenberg.php","name":"Spectra","action":"http:\/\/localhost\/wordpress\/wp-admin\/update.php?action=install-plugin&plugin=ultimate-addons-for-gutenberg&_wpnonce=3c3a3f628e"},{"slug":"sureforms","init":"sureforms\/sureforms.php","name":"SureForms","action":"http:\/\/localhost\/wordpress\/wp-admin\/update.php?action=install-plugin&plugin=sureforms&_wpnonce=df0eabacbd"},{"slug":"variation-swatches-woo","init":"variation-swatches-woo\/variation-swatches-woo.php","name":"Variation Swatches for WooCommerce","action":"http:\/\/localhost\/wordpress\/wp-admin\/update.php?action=install-plugin&plugin=variation-swatches-woo&_wpnonce=7527d94c41"},{"slug":"woo-cart-abandonment-recovery","init":"woo-cart-abandonment-recovery\/woo-cart-abandonment-recovery.php","name":"Cart Abandonment Recovery for WooCommerce","action":"http:\/\/localhost\/wordpress\/wp-admin\/update.php?action=install-plugin&plugin=woo-cart-abandonment-recovery&_wpnonce=a898de65b6"},{"slug":"woocommerce-payments","init":"woocommerce-payments\/woocommerce-payments.php","name":"WooPayments","action":"http:\/\/localhost\/wordpress\/wp-admin\/update.php?action=install-plugin&plugin=woocommerce-payments&_wpnonce=641c6041a6"},{"slug":"modern-cart","init":"modern-cart\/modern-cart.php","name":"Modern Cart Starter for WooCommerce","action":"http:\/\/localhost\/wordpress\/wp-admin\/update.php?action=install-plugin&plugin=modern-cart&_wpnonce=fad1d26648"},{"slug":"power-coupons","init":"power-coupons\/power-coupons.php","name":"Power Coupons for WooCommerce","action":"http:\/\/localhost\/wordpress\/wp-admin\/update.php?action=install-plugin&plugin=power-coupons&_wpnonce=871b2dc5d2"},{"name":"SureRank","slug":"surerank","init":"surerank\/surerank.php","action":"http:\/\/localhost\/wordpress\/wp-admin\/update.php?action=install-plugin&plugin=surerank&_wpnonce=41f8aa5e76"}]},"third_party_required_plugins":[],"update_avilable_plugins":[{"slug":"woocommerce","init":"woocommerce\/woocommerce.php","name":"WooCommerce"}],"incompatible_plugins":[],"error":false}
[00:35:40 UTC] [INFO] Starting import process | Context: {"template_type":"classic","uuid":""}
[00:35:40 UTC] [INFO] Started Import Process
[00:35:40 UTC] [INFO] # System Details: 
[00:35:40 UTC] [INFO] Debug Mode 		: Disabled
[00:35:40 UTC] [INFO] Operating System 	: WINNT
[00:35:40 UTC] [INFO] Software 		: Apache/2.4.58 (Win64) OpenSSL/3.1.3 PHP/8.2.12
[00:35:41 UTC] [INFO] MySQL version 		: 10.4.32
[00:35:41 UTC] [INFO] XML Reader 		: Yes
[00:35:41 UTC] [INFO] PHP Version 		: 8.2.12
[00:35:41 UTC] [INFO] PHP Max Input Vars 	: 1000
[00:35:41 UTC] [INFO] PHP Max Post Size 	: 40M
[00:35:41 UTC] [INFO] PHP Extension GD 	: Yes
[00:35:41 UTC] [INFO] PHP Max Execution Time 	: 120
[00:35:41 UTC] [INFO] Max Upload Size 	: 1 MB
[00:35:41 UTC] [INFO] Memory Limit 		: 64M
[00:35:41 UTC] [INFO] Timezone 		: 0
[00:35:41 UTC] [INFO] 
-----

[00:35:41 UTC] [INFO] Importing Started! - 00:35:41 UTC
[00:35:41 UTC] [INFO] ---

[00:35:41 UTC] [INFO] WHY IMPORT PROCESS CAN FAIL? READ THIS - 
[00:35:41 UTC] [INFO] https://wpastra.com/docs/?p=1314&utm_source=demo-import-panel&utm_campaign=import-error&utm_medium=wp-dashboard

[00:35:41 UTC] [INFO] ---

[00:35:41 UTC] [SUCCESS] Import process start flag set successfully | Context: {"template_type":"classic"}
[00:35:43 UTC] [INFO] Image subsizes deferral enabled for import
[00:35:46 UTC] [INFO] Checking if plugin directory clearing is needed
[00:36:05 UTC] [INFO] Image subsizes deferral enabled for import
[00:36:14 UTC] [INFO] Image subsizes deferral enabled for import
[00:36:14 UTC] [INFO] Checking if plugin directory clearing is needed
[00:36:14 UTC] [INFO] Plugin install clear directory enabled - Will clear destination directory
[00:36:15 UTC] [INFO] Plugin install clear directory options returned
[00:36:47 UTC] [INFO] Image subsizes deferral enabled for import
[00:36:49 UTC] [SUCCESS] Plugin Activated | Context: {"success":true,"status":"activated","message":"Plugin Activated"}
[00:36:49 UTC] [INFO] Checking if plugin directory clearing is needed
[00:36:49 UTC] [INFO] Plugin install clear directory enabled - Will clear destination directory
[00:36:49 UTC] [INFO] Plugin install clear directory options returned
[00:37:04 UTC] [SUCCESS] Plugin Activated | Context: {"success":true,"status":"activated","message":"Plugin Activated"}
[00:37:04 UTC] [SUCCESS] Plugin Activated | Context: {"success":true,"status":"activated","message":"Plugin Activated"}
[00:37:13 UTC] [INFO] Checking if plugin directory clearing is needed
[00:37:13 UTC] [INFO] Plugin install clear directory enabled - Will clear destination directory
[00:37:13 UTC] [INFO] Plugin install clear directory options returned
[00:37:17 UTC] [INFO] Image subsizes deferral enabled for import
[00:37:19 UTC] [INFO] Image subsizes deferral enabled for import
[00:37:22 UTC] [INFO] Image subsizes deferral enabled for import
[00:37:23 UTC] [INFO] Image subsizes deferral enabled for import
[00:37:44 UTC] [INFO] Checking if plugin directory clearing is needed
[00:37:44 UTC] [INFO] Plugin install clear directory enabled - Will clear destination directory
[00:37:44 UTC] [INFO] Plugin install clear directory options returned
[00:37:46 UTC] [SUCCESS] Plugin Activated | Context: {"success":true,"status":"activated","message":"Plugin Activated"}
[00:37:47 UTC] [SUCCESS] Plugin Activated | Context: {"success":true,"status":"activated","message":"Plugin Activated"}
[00:37:52 UTC] [INFO] Image subsizes deferral enabled for import
[00:37:52 UTC] [INFO] Image subsizes deferral enabled for import
[00:37:55 UTC] [SUCCESS] Plugin Activated | Context: {"success":true,"status":"activated","message":"Plugin Activated"}
[00:38:01 UTC] [INFO] Image subsizes deferral enabled for import
[00:38:05 UTC] [SUCCESS] Plugin Activated | Context: {"success":true,"status":"activated","message":"Plugin Activated"}
[00:38:06 UTC] [SUCCESS] Plugin Activated | Context: {"success":true,"status":"activated","message":"Plugin Activated"}
[00:38:07 UTC] [INFO] Checking if plugin directory clearing is needed
[00:38:07 UTC] [INFO] Plugin install clear directory enabled - Will clear destination directory
[00:38:07 UTC] [INFO] Plugin install clear directory options returned
[00:38:07 UTC] [INFO] Image subsizes deferral enabled for import
[00:38:11 UTC] [INFO] Image subsizes deferral enabled for import
[00:38:17 UTC] [INFO] Image subsizes deferral enabled for import
[00:38:18 UTC] [INFO] Image subsizes deferral enabled for import
[00:38:18 UTC] [SUCCESS] Plugin Activated | Context: {"success":true,"status":"activated","message":"Plugin Activated"}
[00:38:25 UTC] [INFO] Image subsizes deferral enabled for import
[00:38:26 UTC] [INFO] Image subsizes deferral enabled for import
[00:38:30 UTC] [SUCCESS] Plugin Activated | Context: {"success":true,"status":"activated","message":"Plugin Activated"}
[00:38:30 UTC] [INFO] Checking if plugin directory clearing is needed
[00:38:30 UTC] [INFO] Plugin install clear directory enabled - Will clear destination directory
[00:38:30 UTC] [INFO] Plugin install clear directory options returned
[00:38:32 UTC] [INFO] Image subsizes deferral enabled for import
[00:39:04 UTC] [INFO] Image subsizes deferral enabled for import
[00:39:13 UTC] [INFO] Image subsizes deferral enabled for import
[00:39:17 UTC] [SUCCESS] Plugin Activated | Context: {"success":true,"status":"activated","message":"Plugin Activated"}
[00:39:18 UTC] [INFO] Checking if plugin directory clearing is needed
[00:39:18 UTC] [INFO] Plugin install clear directory enabled - Will clear destination directory
[00:39:18 UTC] [INFO] Plugin install clear directory options returned
[00:40:14 UTC] [INFO] Image subsizes deferral enabled for import
[00:40:19 UTC] [SUCCESS] Plugin Activated | Context: {"success":true,"status":"activated","message":"Plugin Activated"}
[00:40:20 UTC] [INFO] Checking if plugin directory clearing is needed
[00:40:20 UTC] [INFO] Plugin install clear directory enabled - Will clear destination directory
[00:40:20 UTC] [INFO] Plugin install clear directory options returned
[00:40:42 UTC] [INFO] Image subsizes deferral enabled for import
[00:40:44 UTC] [INFO] Image subsizes deferral enabled for import
[00:40:48 UTC] [SUCCESS] Plugin Activated | Context: {"success":true,"status":"activated","message":"Plugin Activated"}
[00:40:48 UTC] [INFO] Checking if plugin directory clearing is needed
[00:40:48 UTC] [INFO] Plugin install clear directory enabled - Will clear destination directory
[00:40:48 UTC] [INFO] Plugin install clear directory options returned
[00:40:54 UTC] [INFO] Image subsizes deferral enabled for import
[00:41:08 UTC] [INFO] Image subsizes deferral enabled for import
[00:41:19 UTC] [INFO] Image subsizes deferral enabled for import
[00:41:20 UTC] [INFO] Image subsizes deferral enabled for import
[00:41:25 UTC] [SUCCESS] Plugin Activated | Context: {"success":true,"status":"activated","message":"Plugin Activated"}
[00:41:33 UTC] [INFO] Image subsizes deferral enabled for import
[00:41:43 UTC] [INFO] Image subsizes deferral enabled for import
[00:41:45 UTC] [INFO] Image subsizes deferral enabled for import
[00:41:47 UTC] [INFO] ---

[00:41:47 UTC] [INFO] Starting Cart Abandonment Recovery import process
[00:41:48 UTC] [INFO] info | Context: {"file_url":"https:\/\/websitedemos.net\/wp-content\/uploads\/astra-sites\/1553\/cart-abandonment-recovery.json","timeout_seconds":300}
[00:41:49 UTC] [INFO] success | Context: {"file_url":"https:\/\/websitedemos.net\/wp-content\/uploads\/astra-sites\/1553\/cart-abandonment-recovery.json","file_size":3251,"uploaded_file":"C:\\xampp\\htdocs\\wordpress\/wp-content\/uploads\/2026\/04\/cart-abandonment-recovery.json"}
[00:41:49 UTC] [SUCCESS] File downloaded successfully from: https://websitedemos.net/wp-content/uploads/astra-sites/1553/cart-abandonment-recovery.json
[00:41:49 UTC] [INFO] Checking if Cart Abandonment Recovery is already loaded
[00:41:49 UTC] [INFO] Cart Abandonment Recovery is already loaded and ready
[00:41:49 UTC] [SUCCESS] Cart Abandonment Recovery templates inserted successfully
[00:41:49 UTC] [SUCCESS] Imported Cart Abandonment Recovery data from https://websitedemos.net/wp-content/uploads/astra-sites/1553/cart-abandonment-recovery.json
[00:41:52 UTC] [INFO] Image subsizes deferral enabled for import
[00:41:56 UTC] [INFO] Image subsizes deferral enabled for import
[00:41:58 UTC] [INFO] ---

[00:41:58 UTC] [INFO] Starting import customizer settings
[00:41:58 UTC] [INFO] Importing customizer settings | Context: {"settings_count":0}
[00:41:58 UTC] [INFO] Fetched customizer data from site data | Context: {"settings_count":2}
[00:41:58 UTC] [INFO] Starting customizer settings import | Context: {"settings_count":2}
[00:41:58 UTC] [INFO] Validating customizer data keys | Context: {"keys":["astra-settings","custom-css"]}
[00:41:58 UTC] [INFO] Old customizer data backed up
[00:41:58 UTC] [SUCCESS] Astra theme settings updated | Context: {"option_key":"astra-settings"}
[00:41:59 UTC] [SUCCESS] Custom CSS updated | Context: {"option_key":"custom-css"}
[00:41:59 UTC] [SUCCESS] Customizer settings import completed successfully
[00:41:59 UTC] [SUCCESS] Customizer settings imported successfully
[00:42:04 UTC] [INFO] Image subsizes deferral enabled for import
[00:42:07 UTC] [INFO] ---

[00:42:07 UTC] [INFO] Starting import Spectra settings
[00:42:07 UTC] [INFO] Starting Spectra settings import | Context: {"settings_count":30}
[00:42:07 UTC] [SUCCESS] Spectra settings imported successfully
[00:42:07 UTC] [SUCCESS] Spectra settings imported successfully. | Context: {"message":"Spectra settings imported successfully.","url":""}
[00:42:13 UTC] [INFO] Image subsizes deferral enabled for import
[00:42:20 UTC] [INFO] ---

[00:42:20 UTC] [INFO] Starting XML preparation process
[00:42:21 UTC] [INFO] Starting XML data preparation | Context: {"wxr_url":"https:\/\/websitedemos.net\/wp-content\/uploads\/astra-sites\/1553\/wxr.xml"}
[00:42:21 UTC] [INFO] info | Context: {"url":"https:\/\/websitedemos.net\/wp-content\/uploads\/astra-sites\/1553\/wxr.xml","host":"websitedemos.net"}
[00:42:21 UTC] [INFO] WXR URL validation passed
[00:42:21 UTC] [INFO] Starting XML file download | Context: {"url":"https:\/\/websitedemos.net\/wp-content\/uploads\/astra-sites\/1553\/wxr.xml"}
[00:42:21 UTC] [INFO] info | Context: {"file_url":"https:\/\/websitedemos.net\/wp-content\/uploads\/astra-sites\/1553\/wxr.xml","timeout_seconds":300}
[00:42:23 UTC] [INFO] success | Context: {"file_url":"https:\/\/websitedemos.net\/wp-content\/uploads\/astra-sites\/1553\/wxr.xml","file_size":2126877,"uploaded_file":"C:\\xampp\\htdocs\\wordpress\/wp-content\/uploads\/2026\/04\/wxr.xml"}
[00:42:23 UTC] [SUCCESS] XML file downloaded successfully | Context: {"file_path":"C:\\xampp\\htdocs\\wordpress\/wp-content\/uploads\/2026\/04\/wxr.xml"}
[00:42:24 UTC] [INFO] Inserting XML file as attachment | Context: {"filename":"wxr.xml"}
[00:42:24 UTC] [SUCCESS] XML attachment created | Context: {"post_id":302}
[00:42:24 UTC] [INFO] Generating attachment metadata | Context: {"post_id":302}
[00:42:24 UTC] [INFO] Parsing XML data from file | Context: {"post_id":302}
[00:42:24 UTC] [INFO] info | Context: {"xml_file_path":"C:\\xampp\\htdocs\\wordpress\/wp-content\/uploads\/2026\/04\/wxr.xml","xml_post_id":302}
[00:42:25 UTC] [INFO] success | Context: {"xml_file_path":"C:\\xampp\\htdocs\\wordpress\/wp-content\/uploads\/2026\/04\/wxr.xml","post_count":44,"media_count":88,"author_count":1,"comment_count":0,"term_count":29}
[00:42:25 UTC] [SUCCESS] XML data preparation completed successfully | Context: {"post_id":302,"has_data":true}
[00:42:25 UTC] [INFO] Image subsizes deferral enabled for import
[00:42:30 UTC] [INFO] Image subsizes deferral enabled for import
[00:42:32 UTC] [INFO] Image subsizes deferral enabled for import
[00:42:34 UTC] [INFO] info | Context: {"xml_url_provided":false}
[00:42:34 UTC] [INFO] info | Context: {"xml_url":"C:\\xampp\\htdocs\\wordpress\/wp-content\/uploads\/2026\/04\/wxr.xml","file_size":2126877}
[00:42:55 UTC] [INFO] Image subsizes deferral enabled for import
[00:43:02 UTC] [INFO] Image subsizes deferral enabled for import
[00:43:26 UTC] [INFO] Image subsizes deferral enabled for import
[00:43:55 UTC] [INFO] Image subsizes deferral enabled for import
[00:43:56 UTC] [INFO] Image subsizes deferral enabled for import
[00:44:01 UTC] [INFO] Image subsizes deferral enabled for import
[00:44:24 UTC] [INFO] Image subsizes deferral enabled for import
[00:44:25 UTC] [INFO] Image subsizes deferral enabled for import
[00:44:41 UTC] [INFO] Image subsizes deferral enabled for import
[00:44:48 UTC] [INFO] success | Context: {"post_id":7,"post_type":"custom_css","original_id":7,"post_title":"astra"}
[00:44:52 UTC] [INFO] success | Context: {"post_id":1002,"post_type":"page","original_id":1002,"post_title":"About"}
[00:44:52 UTC] [INFO] success | Context: {"post_id":1004,"post_type":"page","original_id":1004,"post_title":"Contact"}
[00:44:53 UTC] [INFO] success | Context: {"post_id":1008,"post_type":"page","original_id":1008,"post_title":"Home"}
[00:44:54 UTC] [INFO] success | Context: {"post_id":1043,"post_type":"nav_menu_item","original_id":1043,"post_title":""}
[00:44:54 UTC] [INFO] success | Context: {"post_id":1044,"post_type":"nav_menu_item","original_id":1044,"post_title":""}
[00:44:55 UTC] [INFO] success | Context: {"post_id":1045,"post_type":"nav_menu_item","original_id":1045,"post_title":""}
[00:44:55 UTC] [INFO] success | Context: {"post_id":1046,"post_type":"nav_menu_item","original_id":1046,"post_title":""}
[00:44:58 UTC] [INFO] success | Context: {"post_id":1378,"post_type":"page","original_id":1378,"post_title":"Plants"}
[00:44:58 UTC] [INFO] success | Context: {"post_id":1379,"post_type":"page","original_id":1379,"post_title":"Cart"}
[00:44:58 UTC] [INFO] success | Context: {"post_id":1380,"post_type":"page","original_id":1380,"post_title":"Checkout"}
[00:44:59 UTC] [INFO] success | Context: {"post_id":1381,"post_type":"page","original_id":1381,"post_title":"My account"}
[00:45:00 UTC] [INFO] success | Context: {"post_id":2121,"post_type":"post","original_id":1,"post_title":"Hello world!"}
[00:45:01 UTC] [INFO] Image subsizes deferral enabled for import
[00:45:02 UTC] [INFO] success | Context: {"post_id":2122,"post_type":"product","original_id":208,"post_title":"Alocasia Regal Shield"}
[00:45:03 UTC] [INFO] success | Context: {"post_id":2123,"post_type":"product","original_id":219,"post_title":"Sansevieria Laurentii"}
[00:45:04 UTC] [INFO] success | Context: {"post_id":2124,"post_type":"product","original_id":220,"post_title":"Golden Pothos Pole"}
[00:45:06 UTC] [INFO] success | Context: {"post_id":2125,"post_type":"product","original_id":221,"post_title":"Sansevieria Golden Flame"}
[00:45:07 UTC] [INFO] success | Context: {"post_id":2126,"post_type":"product","original_id":223,"post_title":"Ficus Decora Burgundy"}
[00:45:09 UTC] [INFO] success | Context: {"post_id":2127,"post_type":"product","original_id":224,"post_title":"Ficus Decora Cabernet"}
[00:45:10 UTC] [INFO] success | Context: {"post_id":2128,"post_type":"product","original_id":229,"post_title":"Euphorbia Ingens"}
[00:45:11 UTC] [INFO] success | Context: {"post_id":2129,"post_type":"product","original_id":230,"post_title":"Pilea Peperomioides"}
[00:45:13 UTC] [INFO] success | Context: {"post_id":2130,"post_type":"product","original_id":231,"post_title":"Calathea Rufibarba"}
[00:45:14 UTC] [INFO] success | Context: {"post_id":2131,"post_type":"product","original_id":232,"post_title":"Aralia Ming"}
[00:45:15 UTC] [INFO] success | Context: {"post_id":2132,"post_type":"product","original_id":233,"post_title":"Pachira Braid"}
[00:45:17 UTC] [INFO] success | Context: {"post_id":2133,"post_type":"product","original_id":234,"post_title":"Peperomia Lemon Lime"}
[00:45:18 UTC] [INFO] success | Context: {"post_id":2134,"post_type":"product","original_id":235,"post_title":"Spathiphyllum"}
[00:45:20 UTC] [INFO] success | Context: {"post_id":2135,"post_type":"product","original_id":237,"post_title":"Dracaena Lisa"}
[00:45:21 UTC] [INFO] success | Context: {"post_id":2136,"post_type":"product","original_id":238,"post_title":"Calathea Beauty Star"}
[00:45:22 UTC] [INFO] success | Context: {"post_id":2137,"post_type":"product","original_id":239,"post_title":"Bird of Paradise"}
[00:45:24 UTC] [INFO] success | Context: {"post_id":2138,"post_type":"product","original_id":240,"post_title":"Zz Plants"}
[00:45:25 UTC] [INFO] success | Context: {"post_id":2139,"post_type":"product","original_id":241,"post_title":"Monstera Deliciosa"}
[00:45:26 UTC] [INFO] success | Context: {"post_id":2140,"post_type":"product","original_id":242,"post_title":"Hoya Obovatum"}
[00:45:27 UTC] [INFO] success | Context: {"post_id":2141,"post_type":"wp_navigation","original_id":4,"post_title":"Navigation"}
[00:45:28 UTC] [INFO] success | Context: {"post_id":2142,"post_type":"product","original_id":243,"post_title":"Birdnest Japanese"}
[00:45:29 UTC] [INFO] success | Context: {"post_id":683,"post_type":"product","original_id":683,"post_title":"Straight Blade Scissor"}
[00:45:30 UTC] [INFO] success | Context: {"post_id":688,"post_type":"product","original_id":688,"post_title":"Bypass Secateur"}
[00:45:32 UTC] [INFO] success | Context: {"post_id":690,"post_type":"product","original_id":690,"post_title":"Trowel with Plastic Sleeve"}
[00:45:33 UTC] [INFO] success | Context: {"post_id":691,"post_type":"product","original_id":691,"post_title":"Transplanter with Plastic Sleeve"}
[00:45:35 UTC] [INFO] success | Context: {"post_id":698,"post_type":"product","original_id":698,"post_title":"Single Prong Weeder"}
[00:45:35 UTC] [INFO] success | Context: {"post_id":1171,"post_type":"wp_global_styles","original_id":1171,"post_title":"Custom Styles"}
[00:45:35 UTC] [INFO] success | Context: {"post_id":2025,"post_type":"wp_navigation","original_id":2025,"post_title":"Primary Menu"}
[00:45:35 UTC] [INFO] success | Context: {"post_id":2143,"post_type":"wp_global_styles","original_id":2130,"post_title":"Custom Styles"}
[00:45:35 UTC] [INFO] success | Context: {"post_id":2235,"post_type":"sureforms_form","original_id":2235,"post_title":"Contact Form"}
[00:45:35 UTC] [INFO] success | Context: {"post_id":2280,"post_type":"sureforms_form","original_id":2280,"post_title":"Newsletter Form"}
[00:45:36 UTC] [INFO] success | Context: {"xml_url":"C:\\xampp\\htdocs\\wordpress\/wp-content\/uploads\/2026\/04\/wxr.xml"}
[00:45:42 UTC] [INFO] Image subsizes deferral enabled for import
[00:45:42 UTC] [INFO] Image subsizes deferral enabled for import
[00:45:44 UTC] [INFO] ---

[00:45:44 UTC] [INFO] Starting import options
[00:45:44 UTC] [INFO] Importing site options | Context: {"options":[]}
[00:45:44 UTC] [INFO] Starting site options import | Context: {"options_count":66}
[00:45:44 UTC] [INFO] Old site options backed up
[00:45:44 UTC] [INFO] Processing option | Context: {"option_name":"woocommerce_product_attributes"}
[00:45:44 UTC] [INFO] Updating standard option | Context: {"option_name":"woocommerce_product_attributes"}
[00:45:44 UTC] [INFO] Processing option | Context: {"option_name":"woocommerce_product_cat_list"}
[00:45:44 UTC] [INFO] Updating standard option | Context: {"option_name":"woocommerce_product_cat_list"}
[00:45:45 UTC] [INFO] Processing option | Context: {"option_name":"woocommerce_product_cat"}
[00:45:45 UTC] [INFO] Updating standard option | Context: {"option_name":"woocommerce_product_cat"}
[00:45:45 UTC] [INFO] Processing option | Context: {"option_name":"custom_logo"}
[00:45:45 UTC] [INFO] Importing custom logo | Context: {"logo_id":"https:\/\/websitedemos.net\/plant-shop-09\/wp-content\/uploads\/sites\/1553\/2021\/08\/site-logo.svg"}
[00:45:45 UTC] [INFO] info | Context: {"url":"https:\/\/websitedemos.net\/plant-shop-09\/wp-content\/uploads\/sites\/1553\/2021\/08\/site-logo.svg"}
[00:45:45 UTC] [INFO] info | Context: {"url":"https:\/\/websitedemos.net\/plant-shop-09\/wp-content\/uploads\/sites\/1553\/2021\/08\/site-logo.svg","sha1":"4058f4d08c0dfce4d219c0a6a310c4dfd0c5d652"}
[00:45:45 UTC] [INFO] info | Context: {"url":"https:\/\/websitedemos.net\/plant-shop-09\/wp-content\/uploads\/sites\/1553\/2021\/08\/site-logo.svg","sha1":"4058f4d08c0dfce4d219c0a6a310c4dfd0c5d652"}
[00:45:45 UTC] [INFO] success | Context: {"url":"https:\/\/websitedemos.net\/plant-shop-09\/wp-content\/uploads\/sites\/1553\/2021\/08\/site-logo.svg","attachment_id":"304","attachment_url":"http:\/\/localhost\/wordpress\/wp-content\/uploads\/2021\/08\/site-logo.svg"}
[00:45:45 UTC] [INFO] success | Context: {"url":"https:\/\/websitedemos.net\/plant-shop-09\/wp-content\/uploads\/sites\/1553\/2021\/08\/site-logo.svg","attachment_id":"304"}
[00:45:45 UTC] [INFO] success | Context: {"url":"https:\/\/websitedemos.net\/plant-shop-09\/wp-content\/uploads\/sites\/1553\/2021\/08\/site-logo.svg","attachment_id":"304","logo_url":"http:\/\/localhost\/wordpress\/wp-content\/uploads\/2021\/08\/site-logo.svg"}
[00:45:45 UTC] [INFO] Processing option | Context: {"option_name":"nav_menu_locations"}
[00:45:45 UTC] [INFO] Setting navigation menu locations | Context: {"menu_count":3}
[00:45:45 UTC] [INFO] info | Context: {"total_locations":3}
[00:45:45 UTC] [INFO] info | Context: {"location":"primary","slug":"primary-menu","menu_id":47}
[00:45:45 UTC] [INFO] info | Context: {"location":"footer_menu","slug":"primary-menu","menu_id":47}
[00:45:45 UTC] [INFO] info | Context: {"location":"mobile_menu","slug":"primary-menu","menu_id":47}
[00:45:45 UTC] [INFO] success | Context: {"successful_mappings":3,"failed_locations":[],"total_locations":3}
[00:45:45 UTC] [INFO] Processing option | Context: {"option_name":"show_on_front"}
[00:45:45 UTC] [INFO] Updating standard option | Context: {"option_name":"show_on_front"}
[00:45:45 UTC] [INFO] Processing option | Context: {"option_name":"page_on_front"}
[00:45:45 UTC] [INFO] Updating page ID option | Context: {"option_name":"page_on_front","option_value":"Home"}
[00:45:45 UTC] [INFO] info | Context: {"option_name":"page_on_front","option_value":"Home"}
[00:45:45 UTC] [INFO] success | Context: {"option_name":"page_on_front","page_title":"Home","page_id":1008}
[00:45:45 UTC] [INFO] Processing option | Context: {"option_name":"page_for_posts"}
[00:45:45 UTC] [INFO] Updating page ID option | Context: {"option_name":"page_for_posts","option_value":"WELCOME10"}
[00:45:45 UTC] [INFO] info | Context: {"option_name":"page_for_posts","option_value":"WELCOME10"}
[00:45:45 UTC] [INFO] error | Context: {"option_name":"page_for_posts","page_title":"WELCOME10"}
[00:45:46 UTC] [INFO] Option value is null, skipping | Context: {"option_name":"_fl_builder_enabled_icons"}
[00:45:46 UTC] [INFO] Option value is null, skipping | Context: {"option_name":"_fl_builder_enabled_modules"}
[00:45:46 UTC] [INFO] Option value is null, skipping | Context: {"option_name":"_fl_builder_post_types"}
[00:45:46 UTC] [INFO] Option value is null, skipping | Context: {"option_name":"_fl_builder_color_presets"}
[00:45:46 UTC] [INFO] Option value is null, skipping | Context: {"option_name":"_fl_builder_services"}
[00:45:46 UTC] [INFO] Option value is null, skipping | Context: {"option_name":"_fl_builder_settings"}
[00:45:46 UTC] [INFO] Option value is null, skipping | Context: {"option_name":"_fl_builder_user_access"}
[00:45:46 UTC] [INFO] Option value is null, skipping | Context: {"option_name":"_fl_builder_enabled_templates"}
[00:45:46 UTC] [INFO] Option value is null, skipping | Context: {"option_name":"elementor_container_width"}
[00:45:46 UTC] [INFO] Option value is null, skipping | Context: {"option_name":"elementor_cpt_support"}
[00:45:46 UTC] [INFO] Option value is null, skipping | Context: {"option_name":"elementor_css_print_method"}
[00:45:46 UTC] [INFO] Option value is null, skipping | Context: {"option_name":"elementor_default_generic_fonts"}
[00:45:46 UTC] [INFO] Option value is null, skipping | Context: {"option_name":"elementor_disable_color_schemes"}
[00:45:46 UTC] [INFO] Option value is null, skipping | Context: {"option_name":"elementor_disable_typography_schemes"}
[00:45:46 UTC] [INFO] Option value is null, skipping | Context: {"option_name":"elementor_editor_break_lines"}
[00:45:46 UTC] [INFO] Option value is null, skipping | Context: {"option_name":"elementor_exclude_user_roles"}
[00:45:46 UTC] [INFO] Option value is null, skipping | Context: {"option_name":"elementor_global_image_lightbox"}
[00:45:46 UTC] [INFO] Option value is null, skipping | Context: {"option_name":"elementor_page_title_selector"}
[00:45:46 UTC] [INFO] Option value is null, skipping | Context: {"option_name":"elementor_scheme_color"}
[00:45:46 UTC] [INFO] Option value is null, skipping | Context: {"option_name":"elementor_scheme_color-picker]"}
[00:45:46 UTC] [INFO] Option value is null, skipping | Context: {"option_name":"elementor_scheme_typography"}
[00:45:46 UTC] [INFO] Option value is null, skipping | Context: {"option_name":"elementor_space_between_widgets"}
[00:45:46 UTC] [INFO] Option value is null, skipping | Context: {"option_name":"elementor_stretched_section_container"}
[00:45:46 UTC] [INFO] Option value is null, skipping | Context: {"option_name":"elementor_load_fa4_shim"}
[00:45:46 UTC] [INFO] Option value is null, skipping | Context: {"option_name":"elementor_active_kit"}
[00:45:46 UTC] [INFO] Option value is null, skipping | Context: {"option_name":"elementor_experiment-container"}
[00:45:46 UTC] [INFO] Processing option | Context: {"option_name":"elementor_install_history"}
[00:45:46 UTC] [INFO] Updating standard option | Context: {"option_name":"elementor_install_history"}
[00:45:46 UTC] [INFO] Processing option | Context: {"option_name":"woocommerce_shop_page_title"}
[00:45:46 UTC] [INFO] Updating standard option | Context: {"option_name":"woocommerce_shop_page_title"}
[00:45:46 UTC] [INFO] Processing option | Context: {"option_name":"woocommerce_cart_page_title"}
[00:45:46 UTC] [INFO] Updating standard option | Context: {"option_name":"woocommerce_cart_page_title"}
[00:45:46 UTC] [INFO] Processing option | Context: {"option_name":"woocommerce_checkout_page_title"}
[00:45:47 UTC] [INFO] Updating standard option | Context: {"option_name":"woocommerce_checkout_page_title"}
[00:45:47 UTC] [INFO] Processing option | Context: {"option_name":"woocommerce_myaccount_page_title"}
[00:45:47 UTC] [INFO] Updating standard option | Context: {"option_name":"woocommerce_myaccount_page_title"}
[00:45:47 UTC] [INFO] Processing option | Context: {"option_name":"woocommerce_edit_address_page_title"}
[00:45:47 UTC] [INFO] Updating standard option | Context: {"option_name":"woocommerce_edit_address_page_title"}
[00:45:47 UTC] [INFO] Processing option | Context: {"option_name":"woocommerce_view_order_page_title"}
[00:45:47 UTC] [INFO] Updating standard option | Context: {"option_name":"woocommerce_view_order_page_title"}
[00:45:47 UTC] [INFO] Processing option | Context: {"option_name":"woocommerce_change_password_page_title"}
[00:45:47 UTC] [INFO] Updating standard option | Context: {"option_name":"woocommerce_change_password_page_title"}
[00:45:47 UTC] [INFO] Processing option | Context: {"option_name":"woocommerce_logout_page_title"}
[00:45:47 UTC] [INFO] Updating standard option | Context: {"option_name":"woocommerce_logout_page_title"}
[00:45:47 UTC] [INFO] Processing option | Context: {"option_name":"woocommerce_enable_guest_checkout"}
[00:45:47 UTC] [INFO] Updating standard option | Context: {"option_name":"woocommerce_enable_guest_checkout"}
[00:45:47 UTC] [INFO] Processing option | Context: {"option_name":"woocommerce_enable_checkout_login_reminder"}
[00:45:47 UTC] [INFO] Updating standard option | Context: {"option_name":"woocommerce_enable_checkout_login_reminder"}
[00:45:47 UTC] [INFO] Processing option | Context: {"option_name":"woocommerce_enable_signup_and_login_from_checkout"}
[00:45:47 UTC] [INFO] Updating standard option | Context: {"option_name":"woocommerce_enable_signup_and_login_from_checkout"}
[00:45:47 UTC] [INFO] Processing option | Context: {"option_name":"woocommerce_enable_myaccount_registration"}
[00:45:47 UTC] [INFO] Updating standard option | Context: {"option_name":"woocommerce_enable_myaccount_registration"}
[00:45:47 UTC] [INFO] Processing option | Context: {"option_name":"woocommerce_registration_generate_username"}
[00:45:47 UTC] [INFO] Updating standard option | Context: {"option_name":"woocommerce_registration_generate_username"}
[00:45:47 UTC] [INFO] Option value is null, skipping | Context: {"option_name":"edd_settings"}
[00:45:47 UTC] [INFO] Processing option | Context: {"option_name":"wpforms_settings"}
[00:45:47 UTC] [INFO] Updating standard option | Context: {"option_name":"wpforms_settings"}
[00:45:47 UTC] [INFO] Option value is null, skipping | Context: {"option_name":"learndash_settings_theme_ld30"}
[00:45:47 UTC] [INFO] Option value is null, skipping | Context: {"option_name":"learndash_settings_courses_themes"}
[00:45:48 UTC] [INFO] Option value is null, skipping | Context: {"option_name":"srfm_general_settings_options"}
[00:45:48 UTC] [INFO] Option value is null, skipping | Context: {"option_name":"get_default_dynamic_block_option"}
[00:45:48 UTC] [INFO] Option value is null, skipping | Context: {"option_name":"srfm_default_dynamic_block_option"}
[00:45:48 UTC] [INFO] Option value is null, skipping | Context: {"option_name":"srfm_email_summary_settings_options"}
[00:45:48 UTC] [INFO] Option value is null, skipping | Context: {"option_name":"srfm_security_settings_options"}
[00:45:48 UTC] [INFO] Option value is null, skipping | Context: {"option_name":"cfvsw_global"}
[00:45:48 UTC] [INFO] Option value is null, skipping | Context: {"option_name":"cfvsw_shop"}
[00:45:48 UTC] [INFO] Option value is null, skipping | Context: {"option_name":"cfvsw_style"}
[00:45:48 UTC] [INFO] Processing option | Context: {"option_name":"moderncart_setting"}
[00:45:48 UTC] [INFO] Updating standard option | Context: {"option_name":"moderncart_setting"}
[00:45:48 UTC] [INFO] Processing option | Context: {"option_name":"moderncart_cart"}
[00:45:48 UTC] [INFO] Updating standard option | Context: {"option_name":"moderncart_cart"}
[00:45:48 UTC] [INFO] Processing option | Context: {"option_name":"moderncart_floating"}
[00:45:48 UTC] [INFO] Updating standard option | Context: {"option_name":"moderncart_floating"}
[00:45:48 UTC] [INFO] Processing option | Context: {"option_name":"moderncart_appearance"}
[00:45:48 UTC] [INFO] Updating standard option | Context: {"option_name":"moderncart_appearance"}
[00:45:48 UTC] [INFO] Processing option | Context: {"option_name":"astra-color-palettes"}
[00:45:48 UTC] [INFO] Updating standard option | Context: {"option_name":"astra-color-palettes"}
[00:45:48 UTC] [INFO] Processing option | Context: {"option_name":"astra-typography-presets"}
[00:45:48 UTC] [INFO] Updating standard option | Context: {"option_name":"astra-typography-presets"}
[00:45:48 UTC] [INFO] Running st_importer_import_site_options action
[00:45:48 UTC] [INFO] Processing site options import - Total options: 66
[00:45:48 UTC] [INFO] Updated option: woocommerce_product_attributes
[00:45:48 UTC] [INFO] Updated option: woocommerce_product_cat_list | Context: {"31":{"term_id":31,"name":"Uncategorized","slug":"uncategorized","description":""},"39":{"term_id":39,"name":"Air purifying","slug":"air-purifying","description":"Quisque nulla egestas integer mauris, vestibulum mattis fames lobortis sed sollicitudin suscipit lobortis magna suspendisse fames"},"43":{"term_id":43,"name":"Ceramic pots","slug":"ceramic-pots","description":"Quisque nulla egestas integer mauris, vestibulum mattis fames lobortis sed sollicitudin suscipit lobortis magna suspendisse fames"},"61":{"term_id":61,"name":"Herbs seeds","slug":"herbs-seeds","description":"Quisque nulla egestas integer mauris, vestibulum mattis fames lobortis sed sollicitudin suscipit lobortis magna suspendisse fames"},"63":{"term_id":63,"name":"Indoor Plants","slug":"indoor-plants","description":"Quisque nulla egestas integer mauris, vestibulum mattis fames lobortis sed sollicitudin suscipit lobortis magna suspendisse fames"},"69":{"term_id":69,"name":"Large Plants","slug":"large-plants","description":"Quisque nulla egestas integer mauris, vestibulum mattis fames lobortis sed sollicitudin suscipit lobortis magna suspendisse fames"},"73":{"term_id":73,"name":"Low maintenance","slug":"low-maintenance","description":"Quisque nulla egestas integer mauris, vestibulum mattis fames lobortis sed sollicitudin suscipit lobortis magna suspendisse fames"},"78":{"term_id":78,"name":"Medium Plants","slug":"medium-plants","description":"Quisque nulla egestas integer mauris, vestibulum mattis fames lobortis sed sollicitudin suscipit lobortis magna suspendisse fames"},"94":{"term_id":94,"name":"Plant accessories","slug":"plant-accessories","description":"Quisque nulla egestas integer mauris, vestibulum mattis fames lobortis sed sollicitudin suscipit lobortis magna suspendisse fames"},"95":{"term_id":95,"name":"Plant bundle","slug":"plant-bundle","description":"Quisque nulla egestas integer mauris, vestibulum mattis fames lobortis sed sollicitudin suscipit lobortis magna suspendisse fames"},"109":{"term_id":109,"name":"Small Plants","slug":"small-plants","description":"Quisque nulla egestas integer mauris, vestibulum mattis fames lobortis sed sollicitudin suscipit lobortis magna suspendisse fames"}}
[00:45:48 UTC] [INFO] Processing WooCommerce product categories - Total: 11
[00:45:48 UTC] [INFO] Starting image import for URL: https://websitedemos.net/plant-shop-09/wp-content/uploads/sites/1553/2021/08/plants-store-gallery-img-4.jpg
[00:45:48 UTC] [INFO] Image already exists in media library (ID: 336), skipping download
[00:45:48 UTC] [INFO] WooCommerce category thumbnail set for: air-purifying
[00:45:48 UTC] [INFO] Starting image import for URL: https://websitedemos.net/plant-shop-09/wp-content/uploads/sites/1553/2021/08/plants-store-gallery-img-1.jpg
[00:45:49 UTC] [INFO] Image already exists in media library (ID: 333), skipping download
[00:45:49 UTC] [INFO] WooCommerce category thumbnail set for: ceramic-pots
[00:45:49 UTC] [INFO] Starting image import for URL: https://websitedemos.net/plant-shop-09/wp-content/uploads/sites/1553/2021/08/plants-store-gallery-img-6.jpg
[00:45:49 UTC] [INFO] Image already exists in media library (ID: 332), skipping download
[00:45:49 UTC] [INFO] WooCommerce category thumbnail set for: herbs-seeds
[00:45:49 UTC] [INFO] Starting image import for URL: https://websitedemos.net/plant-shop-09/wp-content/uploads/sites/1553/2021/08/plants-store-gallery-img-5.jpg
[00:45:49 UTC] [INFO] Image already exists in media library (ID: 337), skipping download
[00:45:49 UTC] [INFO] WooCommerce category thumbnail set for: indoor-plants
[00:45:49 UTC] [INFO] Starting image import for URL: https://websitedemos.net/plant-shop-09/wp-content/uploads/sites/1553/2021/08/plants-store-categories-img-2.jpg
[00:45:49 UTC] [INFO] Image already exists in media library (ID: 741), skipping download
[00:45:49 UTC] [INFO] WooCommerce category thumbnail set for: large-plants
[00:45:49 UTC] [INFO] Starting image import for URL: https://websitedemos.net/plant-shop-09/wp-content/uploads/sites/1553/2021/08/plants-store-gallery-img-3.jpg
[00:45:49 UTC] [INFO] Image already exists in media library (ID: 335), skipping download
[00:45:49 UTC] [INFO] WooCommerce category thumbnail set for: low-maintenance
[00:45:49 UTC] [INFO] Starting image import for URL: https://websitedemos.net/plant-shop-09/wp-content/uploads/sites/1553/2021/08/plants-store-categories-img-4.jpg
[00:45:49 UTC] [INFO] Image already exists in media library (ID: 742), skipping download
[00:45:49 UTC] [INFO] WooCommerce category thumbnail set for: medium-plants
[00:45:49 UTC] [INFO] Starting image import for URL: https://websitedemos.net/plant-shop-09/wp-content/uploads/sites/1553/2021/08/plants-store-categories-img-3.jpg
[00:45:49 UTC] [INFO] Image already exists in media library (ID: 743), skipping download
[00:45:49 UTC] [INFO] WooCommerce category thumbnail set for: plant-accessories
[00:45:49 UTC] [INFO] Starting image import for URL: https://websitedemos.net/plant-shop-09/wp-content/uploads/sites/1553/2021/08/plants-shop-product-gallery-img-9.jpg
[00:45:49 UTC] [INFO] Image already exists in media library (ID: 637), skipping download
[00:45:49 UTC] [INFO] WooCommerce category thumbnail set for: plant-bundle
[00:45:49 UTC] [INFO] Starting image import for URL: https://websitedemos.net/plant-shop-09/wp-content/uploads/sites/1553/2021/08/plants-store-categories-img-1.jpg
[00:45:49 UTC] [INFO] Image already exists in media library (ID: 744), skipping download
[00:45:49 UTC] [INFO] WooCommerce category thumbnail set for: small-plants
[00:45:49 UTC] [SUCCESS] WooCommerce product categories processed successfully
[00:45:50 UTC] [INFO] Inserting custom logo from URL: https://websitedemos.net/plant-shop-09/wp-content/uploads/sites/1553/2021/08/site-logo.svg
[00:45:50 UTC] [INFO] Starting image import for URL: https://websitedemos.net/plant-shop-09/wp-content/uploads/sites/1553/2021/08/site-logo.svg
[00:45:50 UTC] [INFO] Image already exists in media library (ID: 304), skipping download
[00:45:50 UTC] [SUCCESS] Custom logo set successfully - ID: 304
[00:45:50 UTC] [INFO] Setting nav menu locations - Total menus: 3
[00:45:50 UTC] [INFO] Menu location 'primary' set to term ID: 47
[00:45:50 UTC] [INFO] Menu location 'footer_menu' set to term ID: 47
[00:45:50 UTC] [INFO] Menu location 'mobile_menu' set to term ID: 47
[00:45:50 UTC] [SUCCESS] Nav menu locations updated successfully
[00:45:50 UTC] [INFO] Updated option: show_on_front | Context: "page"
[00:45:50 UTC] [INFO] Updating page ID for option: page_on_front with value: Home
[00:45:50 UTC] [INFO] Page ID updated for page_on_front: 1008
[00:45:50 UTC] [INFO] Updating page ID for option: page_for_posts with value: WELCOME10
[00:45:50 UTC] [INFO] Page not found for title: WELCOME10
[00:45:50 UTC] [INFO] Updated option: elementor_install_history | Context: {"3.29.1":1749209684}
[00:45:50 UTC] [INFO] Updating WooCommerce page ID for option: woocommerce_shop_page_title with value: Plants
[00:45:50 UTC] [INFO] Updating page ID for option: woocommerce_shop_page_id with value: Plants
[00:45:50 UTC] [INFO] Page ID updated for woocommerce_shop_page_id: 1378
[00:45:50 UTC] [INFO] Updating WooCommerce page ID for option: woocommerce_cart_page_title with value: Cart
[00:45:50 UTC] [INFO] Updating page ID for option: woocommerce_cart_page_id with value: Cart
[00:45:50 UTC] [INFO] Page ID updated for woocommerce_cart_page_id: 1379
[00:45:50 UTC] [INFO] Updating WooCommerce page ID for option: woocommerce_checkout_page_title with value: Checkout
[00:45:50 UTC] [INFO] Updating page ID for option: woocommerce_checkout_page_id with value: Checkout
[00:45:50 UTC] [INFO] Page ID updated for woocommerce_checkout_page_id: 1380
[00:45:50 UTC] [INFO] Updating WooCommerce page ID for option: woocommerce_myaccount_page_title with value: My account
[00:45:50 UTC] [INFO] Updating page ID for option: woocommerce_myaccount_page_id with value: My account
[00:45:50 UTC] [INFO] Page ID updated for woocommerce_myaccount_page_id: 1381
[00:45:50 UTC] [INFO] Updating WooCommerce page ID for option: woocommerce_edit_address_page_title with value: WELCOME10
[00:45:50 UTC] [INFO] Updating page ID for option: woocommerce_edit_address_page_id with value: WELCOME10
[00:45:50 UTC] [INFO] Page not found for title: WELCOME10
[00:45:51 UTC] [INFO] Updating WooCommerce page ID for option: woocommerce_view_order_page_title with value: WELCOME10
[00:45:51 UTC] [INFO] Updating page ID for option: woocommerce_view_order_page_id with value: WELCOME10
[00:45:51 UTC] [INFO] Page not found for title: WELCOME10
[00:45:51 UTC] [INFO] Updating WooCommerce page ID for option: woocommerce_change_password_page_title with value: WELCOME10
[00:45:51 UTC] [INFO] Updating page ID for option: woocommerce_change_password_page_id with value: WELCOME10
[00:45:51 UTC] [INFO] Page not found for title: WELCOME10
[00:45:51 UTC] [INFO] Updating WooCommerce page ID for option: woocommerce_logout_page_title with value: WELCOME10
[00:45:51 UTC] [INFO] Updating page ID for option: woocommerce_logout_page_id with value: WELCOME10
[00:45:51 UTC] [INFO] Page not found for title: WELCOME10
[00:45:51 UTC] [INFO] Updated option: woocommerce_enable_guest_checkout | Context: "yes"
[00:45:51 UTC] [INFO] Updated option: woocommerce_enable_checkout_login_reminder | Context: "no"
[00:45:51 UTC] [INFO] Updated option: woocommerce_enable_signup_and_login_from_checkout | Context: "no"
[00:45:51 UTC] [INFO] Updated option: woocommerce_enable_myaccount_registration | Context: "no"
[00:45:51 UTC] [INFO] Updated option: woocommerce_registration_generate_username | Context: "yes"
[00:45:51 UTC] [INFO] Updated option: wpforms_settings | Context: {"disable-css":"2","global-assets":false,"gdpr":false,"modern-markup":"0","modern-markup-is-set":true}
[00:45:51 UTC] [INFO] Updated option: moderncart_setting | Context: {"enable_moderncart":"all","enable_powered_by":true,"enable_free_shipping_bar":true,"enable_express_checkout":false}
[00:45:51 UTC] [INFO] Updated option: moderncart_cart | Context: {"cart_style":"slideout","cart_theme_style":"style1","product_image_size":"medium","cart_item_padding":20,"animation_speed":300,"section_styling":"accordian","main_title":"Review Your Cart","recommendation_title":"Even better with these!","empty_cart_recommendation_title":"Let's find you something perfect","coupon_title":"Got a Discount Code?","coupon_placeholder":"Enter discount code","checkout_button_label":"Proceed to Checkout","free_shipping_bar_text":"You're {amount} away from free shipping!","on_sale_percentage_text":"You Saved"}
[00:45:51 UTC] [INFO] Updated option: moderncart_floating | Context: {"floating_cart_position":"bottom-right","primary_color":"#c6d8c0","heading_color":"#5c9735","body_color":"#141a0f","highlight_color":"#4d4f48","background_color":"#f4f6f3","button_font_color":"#ffffff","header_font_color":"#5c9735","header_background_color":"#f4f6f3","quantity_font_color":"#5c9735","quantity_background_color":"#768471","icon_color":"#ffffff","count_text_color":"#5c9735","count_background_color":"#768471","icon_background_color":"#c6d8c0"}
[00:45:51 UTC] [INFO] Updated option: moderncart_appearance | Context: {"primary_color":"#5c9735","heading_color":"#5c9735","body_color":"#141a0f","highlight_color":"#4d4f48","background_color":"#f4f6f3","button_font_color":"#ffffff","header_font_color":"#5c9735","header_background_color":"#f4f6f3","quantity_font_color":"#5c9735","quantity_background_color":"#768471","icon_color":"#ffffff","count_text_color":"#5c9735","count_background_color":"#768471","icon_background_color":"#c6d8c0"}
[00:45:51 UTC] [INFO] Updated option: astra-color-palettes | Context: {"currentPalette":"palette_1","palettes":{"palette_1":["#c6d8c0","#5c9735","#141a0f","#4d4f48","#f4f6f3","#ffffff","#768471","#141a0f","#f4f6f3"],"palette_2":["#d2e3ee","#0274be","#3a3a3a","#4B4F58","#ffffff","#FFFFFF","#9b9b9b","#081f2e","#e3e3e3"],"palette_3":["#d2e3ee","#0274be","#3a3a3a","#4B4F58","#F5F5F5","#FFFFFF","#9b9b9b","#081f2e","#e3e3e3"],"palette_4":["#0085FF","#0177E3","#FFFFFF","#E7F6FF","#212A37","#0F172A","#4F5B62","#070614","#222222"]},"flag":false,"presets":{"Oak":["#0067FF","#005EE9","#0F172A","#364151","#E7F6FF","#FFFFFF","#D1DAE5","#070614","#222222"],"Viola":["#6528F7","#5511F8","#0F172A","#454F5E","#F2F0FE","#FFFFFF","#D8D8F5","#0D0614","#222222"],"Cedar":["#DD183B","#CC1939","#0F172A","#3A3A3A","#FFEDE6","#FFFFFF","#FFD1BF","#140609","#222222"],"Willow":["#54B435","#379237","#0F172A","#2F3B40","#EDFBE2","#FFFFFF","#D5EAD8","#0C1406","#222222"],"Lily":["#DCA54A","#D09A40","#0F172A","#4A4A4A","#FAF5E5","#FFFFFF","#F0E6C5","#141004","#222222"],"Rose":["#FB5FAB","#EA559D","#0F172A","#454F5E","#FCEEF5","#FFFFFF","#FAD8E9","#140610","#222222"],"Sage":["#1B9C85","#178E79","#0F172A","#454F5E","#EDF6EE","#FFFFFF","#D4F3D7","#06140C","#222222"],"Flare":["#FD9800","#E98C00","#0F172A","#454F5E","#FEF9E1","#FFFFFF","#F9F0C8","#141006","#222222"],"Maple":["#FF6210","#F15808","#1C0D0A","#353535","#FEF1E4","#FFFFFF","#E5D7D1","#140B06","#222222"],"Birch":["#737880","#65696F","#151616","#393C40","#F6F6F6","#FFFFFF","#F1F0F0","#232529","#222222"],"Dark":["#0085FF","#0177E3","#FFFFFF","#E7F6FF","#212A37","#0F172A","#4F5B62","#070614","#222222"]},"presetNames":{"palette_1":null,"palette_2":null,"palette_3":null,"palette_4":"Dark"}}
[00:45:51 UTC] [INFO] Updated option: astra-typography-presets
[00:45:51 UTC] [SUCCESS] Classic templates options import completed successfully
[00:45:51 UTC] [SUCCESS] Site options import completed successfully | Context: {"processed_count":29,"skipped_count":37,"total_count":66}
[00:45:51 UTC] [SUCCESS] Site options Imported!
[00:45:57 UTC] [INFO] Image subsizes deferral enabled for import
[00:46:00 UTC] [INFO] ---

[00:46:00 UTC] [INFO] Starting import widgets
[00:46:00 UTC] [INFO] Importing widgets
[00:46:00 UTC] [INFO] Starting widgets import
[00:46:00 UTC] [INFO] Processing widget data | Context: {"data_type":"string","widgets_data_type":"string"}
[00:46:00 UTC] [INFO] Parsing widget data from JSON string
[00:46:00 UTC] [INFO] Importing widget data via ST_Widget_Importer
[00:46:00 UTC] [INFO] Starting widget import process
[00:46:00 UTC] [INFO] Checking available widgets | Context: {"widget_control_count":38}
[00:46:00 UTC] [INFO] Widget availability check completed | Context: {"available_widget_count":34,"available_widgets":["pages","calendar","archives","media_audio","media_image","media_gallery","media_video","meta","search","text","categories","recent-posts","recent-comments","rss","tag_cloud","nav_menu","custom_html","block","woocommerce_widget_cart","woocommerce_layered_nav_filters","woocommerce_layered_nav","woocommerce_price_filter","woocommerce_product_categories","woocommerce_product_search","woocommerce_product_tag_cloud","woocommerce_products","woocommerce_recently_viewed_products","woocommerce_top_rated_products","woocommerce_recent_reviews","woocommerce_rating_filter","wc_brands_brand_description","woocommerce_brand_nav","wc_brands_brand_thumbnails","currency_switcher_widget"]}
[00:46:00 UTC] [INFO] Loaded widget configuration | Context: {"available_widget_types":34,"sidebar_count":6}
[00:46:00 UTC] [INFO] Processing sidebars from import data | Context: {"sidebar_count_in_data":4}
[00:46:00 UTC] [INFO] Processing sidebar: sidebar-1 | Context: {"sidebar_name":"Thanh b\u00ean ch\u00ednh","widget_count":9,"availability":"available"}
[00:46:00 UTC] [INFO] Processing widget: block-2 | Context: {"widget_type":"block","instance_id":"2","sidebar_id":"sidebar-1"}
[00:46:00 UTC] [WARNING] Duplicate widget skipped: block-2 | Context: {"widget_type":"block","existing_instance_id":"block-2","sidebar_id":"sidebar-1"}
[00:46:00 UTC] [INFO] Processing widget: block-3 | Context: {"widget_type":"block","instance_id":"3","sidebar_id":"sidebar-1"}
[00:46:00 UTC] [INFO] Widget data formatted and saved: block | Context: {"widget_type":"block","instance_count":7,"update_result":true}
[00:46:00 UTC] [SUCCESS] Widget imported successfully: block-7 | Context: {"widget_type":"block","new_instance_id":"block-7","sidebar_id":"sidebar-1","widget_title":"No Title"}
[00:46:00 UTC] [INFO] Processing widget: block-4 | Context: {"widget_type":"block","instance_id":"4","sidebar_id":"sidebar-1"}
[00:46:00 UTC] [INFO] Widget data formatted and saved: block | Context: {"widget_type":"block","instance_count":8,"update_result":true}
[00:46:00 UTC] [SUCCESS] Widget imported successfully: block-8 | Context: {"widget_type":"block","new_instance_id":"block-8","sidebar_id":"sidebar-1","widget_title":"No Title"}
[00:46:00 UTC] [INFO] Processing widget: block-5 | Context: {"widget_type":"block","instance_id":"5","sidebar_id":"sidebar-1"}
[00:46:00 UTC] [INFO] Widget data formatted and saved: block | Context: {"widget_type":"block","instance_count":9,"update_result":true}
[00:46:00 UTC] [SUCCESS] Widget imported successfully: block-9 | Context: {"widget_type":"block","new_instance_id":"block-9","sidebar_id":"sidebar-1","widget_title":"No Title"}
[00:46:00 UTC] [INFO] Processing widget: block-6 | Context: {"widget_type":"block","instance_id":"6","sidebar_id":"sidebar-1"}
[00:46:00 UTC] [INFO] Widget data formatted and saved: block | Context: {"widget_type":"block","instance_count":10,"update_result":true}
[00:46:01 UTC] [SUCCESS] Widget imported successfully: block-10 | Context: {"widget_type":"block","new_instance_id":"block-10","sidebar_id":"sidebar-1","widget_title":"No Title"}
[00:46:01 UTC] [INFO] Processing widget: block-7 | Context: {"widget_type":"block","instance_id":"7","sidebar_id":"sidebar-1"}
[00:46:01 UTC] [INFO] Widget data formatted and saved: block | Context: {"widget_type":"block","instance_count":11,"update_result":true}
[00:46:01 UTC] [SUCCESS] Widget imported successfully: block-11 | Context: {"widget_type":"block","new_instance_id":"block-11","sidebar_id":"sidebar-1","widget_title":"No Title"}
[00:46:01 UTC] [INFO] Processing widget: block-8 | Context: {"widget_type":"block","instance_id":"8","sidebar_id":"sidebar-1"}
[00:46:01 UTC] [INFO] Widget data formatted and saved: block | Context: {"widget_type":"block","instance_count":12,"update_result":true}
[00:46:01 UTC] [SUCCESS] Widget imported successfully: block-12 | Context: {"widget_type":"block","new_instance_id":"block-12","sidebar_id":"sidebar-1","widget_title":"No Title"}
[00:46:01 UTC] [INFO] Processing widget: block-9 | Context: {"widget_type":"block","instance_id":"9","sidebar_id":"sidebar-1"}
[00:46:01 UTC] [INFO] Widget data formatted and saved: block | Context: {"widget_type":"block","instance_count":13,"update_result":true}
[00:46:01 UTC] [SUCCESS] Widget imported successfully: block-13 | Context: {"widget_type":"block","new_instance_id":"block-13","sidebar_id":"sidebar-1","widget_title":"No Title"}
[00:46:01 UTC] [INFO] Processing widget: block-10 | Context: {"widget_type":"block","instance_id":"10","sidebar_id":"sidebar-1"}
[00:46:01 UTC] [INFO] Widget data formatted and saved: block | Context: {"widget_type":"block","instance_count":14,"update_result":true}
[00:46:01 UTC] [SUCCESS] Widget imported successfully: block-14 | Context: {"widget_type":"block","new_instance_id":"block-14","sidebar_id":"sidebar-1","widget_title":"No Title"}
[00:46:01 UTC] [INFO] Processing sidebar: footer-widget-2 | Context: {"sidebar_name":"Footer Builder Widget 2","widget_count":1,"availability":"available"}
[00:46:01 UTC] [INFO] Processing widget: block-26 | Context: {"widget_type":"block","instance_id":"26","sidebar_id":"footer-widget-2"}
[00:46:01 UTC] [INFO] Widget data formatted and saved: block | Context: {"widget_type":"block","instance_count":15,"update_result":true}
[00:46:01 UTC] [SUCCESS] Widget imported successfully: block-15 | Context: {"widget_type":"block","new_instance_id":"block-15","sidebar_id":"footer-widget-2","widget_title":"No Title"}
[00:46:01 UTC] [INFO] Processing sidebar: astra-woo-shop-sidebar | Context: {"sidebar_name":"WooCommerce Sidebar","widget_count":3,"availability":"available"}
[00:46:01 UTC] [INFO] Processing widget: block-13 | Context: {"widget_type":"block","instance_id":"13","sidebar_id":"astra-woo-shop-sidebar"}
[00:46:01 UTC] [INFO] Widget data formatted and saved: block | Context: {"widget_type":"block","instance_count":16,"update_result":true}
[00:46:01 UTC] [SUCCESS] Widget imported successfully: block-16 | Context: {"widget_type":"block","new_instance_id":"block-16","sidebar_id":"astra-woo-shop-sidebar","widget_title":"No Title"}
[00:46:01 UTC] [INFO] Processing widget: woocommerce_price_filter-1 | Context: {"widget_type":"woocommerce_price_filter","instance_id":"1","sidebar_id":"astra-woo-shop-sidebar"}
[00:46:01 UTC] [INFO] Widget data formatted and saved: woocommerce_price_filter | Context: {"widget_type":"woocommerce_price_filter","instance_count":2,"update_result":true}
[00:46:01 UTC] [SUCCESS] Widget imported successfully: woocommerce_price_filter-1 | Context: {"widget_type":"woocommerce_price_filter","new_instance_id":"woocommerce_price_filter-1","sidebar_id":"astra-woo-shop-sidebar","widget_title":"Filter by price"}
[00:46:01 UTC] [INFO] Processing widget: block-14 | Context: {"widget_type":"block","instance_id":"14","sidebar_id":"astra-woo-shop-sidebar"}
[00:46:01 UTC] [INFO] Widget data formatted and saved: block | Context: {"widget_type":"block","instance_count":17,"update_result":true}
[00:46:01 UTC] [SUCCESS] Widget imported successfully: block-17 | Context: {"widget_type":"block","new_instance_id":"block-17","sidebar_id":"astra-woo-shop-sidebar","widget_title":"No Title"}
[00:46:01 UTC] [INFO] Processing sidebar: footer-widget-3 | Context: {"sidebar_name":"Footer Builder Widget 3","widget_count":1,"availability":"available"}
[00:46:02 UTC] [INFO] Processing widget: block-23 | Context: {"widget_type":"block","instance_id":"23","sidebar_id":"footer-widget-3"}
[00:46:02 UTC] [INFO] Widget data formatted and saved: block | Context: {"widget_type":"block","instance_count":18,"update_result":true}
[00:46:02 UTC] [SUCCESS] Widget imported successfully: block-18 | Context: {"widget_type":"block","new_instance_id":"block-18","sidebar_id":"footer-widget-3","widget_title":"No Title"}
[00:46:02 UTC] [INFO] Widget import process completed | Context: {"total_sidebars_processed":4,"successful_imports":13,"warnings":1,"errors":0,"total_widgets_processed":14}
[00:46:02 UTC] [INFO] Retrieving current sidebars and widgets
[00:46:02 UTC] [INFO] Backing up old widgets data | Context: {"sidebars_count":11}
[00:46:02 UTC] [SUCCESS] Widgets import completed successfully
[00:46:02 UTC] [SUCCESS] Widget Imported!
[00:46:08 UTC] [INFO] Image subsizes deferral enabled for import
[00:46:10 UTC] [INFO] ---

[00:46:10 UTC] [INFO] Setting site data: site-colors
[00:46:16 UTC] [INFO] Image subsizes deferral enabled for import
[00:46:18 UTC] [INFO] ---

[00:46:19 UTC] [INFO] Setting site data: site-typography
[00:46:24 UTC] [INFO] Image subsizes deferral enabled for import
[00:46:27 UTC] [INFO] ---

[00:46:27 UTC] [INFO] Starting import end process
[00:46:27 UTC] [INFO] Finalizing import process
[00:46:27 UTC] [INFO] Setting permalink structure to post name
[00:46:27 UTC] [INFO] Executing import complete actions
[00:46:27 UTC] [INFO] Batch processing started
[00:46:27 UTC] [INFO] Batch processing queue created | Context: {"total_classes":13,"attachment_count":77,"has_images":true}
[00:46:28 UTC] [INFO] Batch processing queue dispatched to background
[00:46:28 UTC] [INFO] Batch Process Started..
[00:46:28 UTC] [INFO] Starter Templates - Importing Images for Blog name 'phongtesé' (1)
[00:46:29 UTC] [SUCCESS] Import completed successfully!
[00:46:35 UTC] [INFO] Gutenberg batch processing started
[00:46:35 UTC] [INFO] Gutenberg posts retrieved for processing | Context: {"post_count":12,"post_types":"page, post, wp_block, wp_template, wp_navigation, wp_template_part, wp_global_styles, sc_form, spectra-popup, sfwd-courses, sfwd-lessons, sfwd-topic, sfwd-quiz, sfwd-certificates, sfwd-assignment"}
[00:46:35 UTC] [INFO] Processing Gutenberg post | Context: {"post_id":1171}
[00:46:35 UTC] [INFO] Replacing taxonomy category IDs in post content | Context: {"post_id":1171,"mappings_count":1}
[00:46:35 UTC] [INFO] Updating post content (first pass) | Context: {"post_id":1171}
[00:46:36 UTC] [INFO] Starting link extraction and replacement process
[00:46:36 UTC] [INFO] Links discovered in content | Context: {"total_links":0}
[00:46:36 UTC] [INFO] No links found in content, skipping replacement
[00:46:36 UTC] [INFO] Updating post content (second pass with link replacements) | Context: {"post_id":1171}
[00:46:36 UTC] [SUCCESS] Successfully completed processing Gutenberg post | Context: {"post_id":1171}
[00:46:36 UTC] [INFO] Processing Gutenberg post | Context: {"post_id":2143}
[00:46:36 UTC] [INFO] Replacing taxonomy category IDs in post content | Context: {"post_id":2143,"mappings_count":1}
[00:46:36 UTC] [INFO] Updating post content (first pass) | Context: {"post_id":2143}
[00:46:36 UTC] [INFO] Starting link extraction and replacement process
[00:46:36 UTC] [INFO] Links discovered in content | Context: {"total_links":0}
[00:46:36 UTC] [INFO] No links found in content, skipping replacement
[00:46:36 UTC] [INFO] Updating post content (second pass with link replacements) | Context: {"post_id":2143}
[00:46:36 UTC] [SUCCESS] Successfully completed processing Gutenberg post | Context: {"post_id":2143}
[00:46:36 UTC] [INFO] Processing Gutenberg post | Context: {"post_id":2025}
[00:46:36 UTC] [INFO] Replacing taxonomy category IDs in post content | Context: {"post_id":2025,"mappings_count":1}
[00:46:36 UTC] [INFO] Updating post content (first pass) | Context: {"post_id":2025}
[00:46:36 UTC] [INFO] Starting link extraction and replacement process
[00:46:36 UTC] [INFO] Links discovered in content | Context: {"total_links":4}
[00:46:37 UTC] [INFO] Starting link replacements in content | Context: {"replacements_count":4}
[00:46:37 UTC] [SUCCESS] Link replacement process completed | Context: {"total_replacements":4}
[00:46:37 UTC] [INFO] Updating post content (second pass with link replacements) | Context: {"post_id":2025}
[00:46:37 UTC] [SUCCESS] Successfully completed processing Gutenberg post | Context: {"post_id":2025}
[00:46:37 UTC] [INFO] Processing Gutenberg post | Context: {"post_id":2141}
[00:46:37 UTC] [INFO] Replacing taxonomy category IDs in post content | Context: {"post_id":2141,"mappings_count":1}
[00:46:37 UTC] [INFO] Updating post content (first pass) | Context: {"post_id":2141}
[00:46:37 UTC] [INFO] Starting link extraction and replacement process
[00:46:37 UTC] [INFO] Links discovered in content | Context: {"total_links":0}
[00:46:37 UTC] [INFO] No links found in content, skipping replacement
[00:46:37 UTC] [INFO] Updating post content (second pass with link replacements) | Context: {"post_id":2141}
[00:46:37 UTC] [SUCCESS] Successfully completed processing Gutenberg post | Context: {"post_id":2141}
[00:46:37 UTC] [INFO] Processing Gutenberg post | Context: {"post_id":2121}
[00:46:37 UTC] [INFO] Replacing taxonomy category IDs in post content | Context: {"post_id":2121,"mappings_count":1}
[00:46:37 UTC] [INFO] Updating post content (first pass) | Context: {"post_id":2121}
[00:46:37 UTC] [INFO] Starting link extraction and replacement process
[00:46:37 UTC] [INFO] Links discovered in content | Context: {"total_links":1}
[00:46:38 UTC] [INFO] Starting link replacements in content | Context: {"replacements_count":1}
[00:46:38 UTC] [SUCCESS] Link replacement process completed | Context: {"total_replacements":1}
[00:46:38 UTC] [INFO] Updating post content (second pass with link replacements) | Context: {"post_id":2121}
[00:46:38 UTC] [SUCCESS] Successfully completed processing Gutenberg post | Context: {"post_id":2121}
[00:46:38 UTC] [INFO] Processing Gutenberg post | Context: {"post_id":1381}
[00:46:38 UTC] [INFO] Replacing taxonomy category IDs in post content | Context: {"post_id":1381,"mappings_count":1}
[00:46:38 UTC] [INFO] Updating post content (first pass) | Context: {"post_id":1381}
[00:46:38 UTC] [INFO] Starting link extraction and replacement process
[00:46:38 UTC] [INFO] Links discovered in content | Context: {"total_links":0}
[00:46:38 UTC] [INFO] No links found in content, skipping replacement
[00:46:38 UTC] [INFO] Updating post content (second pass with link replacements) | Context: {"post_id":1381}
[00:46:38 UTC] [SUCCESS] Successfully completed processing Gutenberg post | Context: {"post_id":1381}
[00:46:38 UTC] [INFO] Processing Gutenberg post | Context: {"post_id":1378}
[00:46:38 UTC] [INFO] Replacing taxonomy category IDs in post content | Context: {"post_id":1378,"mappings_count":1}
[00:46:38 UTC] [INFO] Updating post content (first pass) | Context: {"post_id":1378}
[00:46:38 UTC] [INFO] Starting link extraction and replacement process
[00:46:38 UTC] [INFO] Links discovered in content | Context: {"total_links":0}
[00:46:39 UTC] [INFO] No links found in content, skipping replacement
[00:46:39 UTC] [INFO] Updating post content (second pass with link replacements) | Context: {"post_id":1378}
[00:46:39 UTC] [SUCCESS] Successfully completed processing Gutenberg post | Context: {"post_id":1378}
[00:46:39 UTC] [INFO] Processing Gutenberg post | Context: {"post_id":1379}
[00:46:39 UTC] [INFO] Replacing taxonomy category IDs in post content | Context: {"post_id":1379,"mappings_count":1}
[00:46:39 UTC] [INFO] Updating post content (first pass) | Context: {"post_id":1379}
[00:46:39 UTC] [INFO] Starting link extraction and replacement process
[00:46:39 UTC] [INFO] Links discovered in content | Context: {"total_links":0}
[00:46:39 UTC] [INFO] No links found in content, skipping replacement
[00:46:39 UTC] [INFO] Updating post content (second pass with link replacements) | Context: {"post_id":1379}
[00:46:39 UTC] [SUCCESS] Successfully completed processing Gutenberg post | Context: {"post_id":1379}
[00:46:39 UTC] [INFO] Processing Gutenberg post | Context: {"post_id":1380}
[00:46:39 UTC] [INFO] Replacing taxonomy category IDs in post content | Context: {"post_id":1380,"mappings_count":1}
[00:46:39 UTC] [INFO] Updating post content (first pass) | Context: {"post_id":1380}
[00:46:39 UTC] [INFO] Starting link extraction and replacement process
[00:46:39 UTC] [INFO] Links discovered in content | Context: {"total_links":0}
[00:46:39 UTC] [INFO] No links found in content, skipping replacement
[00:46:39 UTC] [INFO] Updating post content (second pass with link replacements) | Context: {"post_id":1380}
[00:46:40 UTC] [SUCCESS] Successfully completed processing Gutenberg post | Context: {"post_id":1380}
[00:46:40 UTC] [INFO] Processing Gutenberg post | Context: {"post_id":1002}
[00:46:40 UTC] [INFO] Replacing taxonomy category IDs in post content | Context: {"post_id":1002,"mappings_count":1}
[00:46:40 UTC] [INFO] Updating post content (first pass) | Context: {"post_id":1002}
[00:46:40 UTC] [INFO] Starting link extraction and replacement process
[00:46:40 UTC] [INFO] Links discovered in content | Context: {"total_links":8}
[00:46:40 UTC] [INFO] Downloading images through ST_Image_Importer | Context: {"image_count":8}
[00:46:40 UTC] [INFO] Starting image import for URL: https://websitedemos.net/plant-shop-09/wp-content/uploads/sites/1553/2021/08/Group-107.jpg
[00:46:40 UTC] [INFO] Image already exists in media library (ID: 331), skipping download
[00:46:40 UTC] [INFO] Starting image import for URL: https://websitedemos.net/plant-shop-09/wp-content/uploads/sites/1553/2021/08/plants-store-owner-avatar-img.jpg
[00:46:40 UTC] [INFO] Image already exists in media library (ID: 330), skipping download
[00:46:40 UTC] [INFO] Starting image import for URL: https://websitedemos.net/plant-shop-09/wp-content/uploads/sites/1553/2021/08/plants-store-gallery-img-6.jpg
[00:46:40 UTC] [INFO] Image already exists in media library (ID: 332), skipping download
[00:46:40 UTC] [INFO] Starting image import for URL: https://websitedemos.net/plant-shop-09/wp-content/uploads/sites/1553/2021/08/plants-store-gallery-img-1.jpg
[00:46:40 UTC] [INFO] Image already exists in media library (ID: 333), skipping download
[00:46:40 UTC] [INFO] Starting image import for URL: https://websitedemos.net/plant-shop-09/wp-content/uploads/sites/1553/2021/08/plants-store-gallery-img-2.jpg
[00:46:40 UTC] [INFO] Image already exists in media library (ID: 334), skipping download
[00:46:40 UTC] [INFO] Starting image import for URL: https://websitedemos.net/plant-shop-09/wp-content/uploads/sites/1553/2021/08/plants-store-gallery-img-3.jpg
[00:46:40 UTC] [INFO] Image already exists in media library (ID: 335), skipping download
[00:46:40 UTC] [INFO] Starting image import for URL: https://websitedemos.net/plant-shop-09/wp-content/uploads/sites/1553/2021/08/plants-store-gallery-img-4.jpg
[00:46:40 UTC] [INFO] Image already exists in media library (ID: 336), skipping download
[00:46:40 UTC] [INFO] Starting image import for URL: https://websitedemos.net/plant-shop-09/wp-content/uploads/sites/1553/2021/08/plants-store-gallery-img-5.jpg
[00:46:41 UTC] [INFO] Image already exists in media library (ID: 337), skipping download
[00:46:41 UTC] [INFO] Import process completed. Cleaning up log file option.
[00:46:41 UTC] [SUCCESS] Link replacement process completed | Context: {"total_replacements":8}
[00:46:41 UTC] [INFO] Updating post content (second pass with link replacements) | Context: {"post_id":1002}
[00:46:41 UTC] [SUCCESS] Successfully completed processing Gutenberg post | Context: {"post_id":1002}
[00:46:41 UTC] [INFO] Processing Gutenberg post | Context: {"post_id":1004}
[00:46:41 UTC] [INFO] Replacing taxonomy category IDs in post content | Context: {"post_id":1004,"mappings_count":1}
[00:46:41 UTC] [INFO] Updating post content (first pass) | Context: {"post_id":1004}
[00:46:41 UTC] [INFO] Starting link extraction and replacement process
[00:46:41 UTC] [INFO] Links discovered in content | Context: {"total_links":0}
[00:46:41 UTC] [INFO] No links found in content, skipping replacement
[00:46:41 UTC] [INFO] Updating post content (second pass with link replacements) | Context: {"post_id":1004}
[00:46:41 UTC] [SUCCESS] Successfully completed processing Gutenberg post | Context: {"post_id":1004}
[00:46:41 UTC] [INFO] Processing Gutenberg post | Context: {"post_id":1008}
[00:46:41 UTC] [INFO] Replacing taxonomy category IDs in post content | Context: {"post_id":1008,"mappings_count":1}
[00:46:41 UTC] [INFO] Updating post content (first pass) | Context: {"post_id":1008}
[00:46:42 UTC] [INFO] Starting link extraction and replacement process
[00:46:42 UTC] [INFO] Links discovered in content | Context: {"total_links":6}
[00:46:42 UTC] [INFO] Downloading images through ST_Image_Importer | Context: {"image_count":6}
[00:46:42 UTC] [INFO] Starting image import for URL: https://websitedemos.net/plant-shop-09/wp-content/uploads/sites/1553/2021/09/hero-section-bg.jpg
[00:46:42 UTC] [INFO] Image already exists in media library (ID: 845), skipping download
[00:46:42 UTC] [INFO] Starting image import for URL: https://websitedemos.net/plant-shop-09/wp-content/uploads/sites/1553/2021/08/plants-store-story-section-img.jpg
[00:46:42 UTC] [INFO] Image already exists in media library (ID: 548), skipping download
[00:46:42 UTC] [INFO] Starting image import for URL: https://websitedemos.net/plant-shop-09/wp-content/uploads/sites/1553/2021/08/plants-store-testimonial-avatar-img.jpg
[00:46:42 UTC] [INFO] Image already exists in media library (ID: 305), skipping download
[00:46:42 UTC] [INFO] Starting image import for URL: https://websitedemos.net/plant-shop-09/wp-content/uploads/sites/1553/2021/08/plants-store-testimonials-avatar-img-2.jpg
[00:46:42 UTC] [INFO] Image already exists in media library (ID: 492), skipping download
[00:46:42 UTC] [INFO] Starting image import for URL: https://websitedemos.net/plant-shop-09/wp-content/uploads/sites/1553/2021/08/plants-store-testimonials-avatar-img-1.jpg
[00:46:42 UTC] [INFO] Image already exists in media library (ID: 493), skipping download
[00:46:42 UTC] [INFO] Starting image import for URL: https://websitedemos.net/plant-shop-09/wp-content/uploads/sites/1553/2021/08/footer-background.jpg
[00:46:42 UTC] [INFO] Image already exists in media library (ID: 841), skipping download
[00:46:42 UTC] [INFO] Starting link replacements in content | Context: {"replacements_count":6}
[00:46:42 UTC] [SUCCESS] Link replacement process completed | Context: {"total_replacements":6}
[00:46:42 UTC] [INFO] Updating post content (second pass with link replacements) | Context: {"post_id":1008}
[00:46:42 UTC] [SUCCESS] Successfully completed processing Gutenberg post | Context: {"post_id":1008}
[00:46:42 UTC] [SUCCESS] Gutenberg batch processing completed successfully | Context: {"posts_processed":12}
[00:46:42 UTC] [INFO] Elementor batch processing started
[00:46:42 UTC] [INFO] Elementor posts retrieved for processing | Context: {"post_count":12,"post_types":"page, post, wp_block, wp_template, wp_navigation, wp_template_part, wp_global_styles, sc_form"}
[00:46:42 UTC] [INFO] Processing Elementor post | Context: {"post_id":1171}
[00:46:43 UTC] [INFO] Skipping post - not an Elementor page or missing data | Context: {"post_id":1171,"has_version":false,"has_data":false}
[00:46:43 UTC] [INFO] Processing Elementor post | Context: {"post_id":2143}
[00:46:43 UTC] [INFO] Skipping post - not an Elementor page or missing data | Context: {"post_id":2143,"has_version":false,"has_data":false}
[00:46:43 UTC] [INFO] Processing Elementor post | Context: {"post_id":2025}
[00:46:43 UTC] [INFO] Skipping post - not an Elementor page or missing data | Context: {"post_id":2025,"has_version":false,"has_data":false}
[00:46:43 UTC] [INFO] Processing Elementor post | Context: {"post_id":2141}
[00:46:43 UTC] [INFO] Skipping post - not an Elementor page or missing data | Context: {"post_id":2141,"has_version":false,"has_data":false}
[00:46:43 UTC] [INFO] Processing Elementor post | Context: {"post_id":2121}
[00:46:43 UTC] [INFO] Skipping post - not an Elementor page or missing data | Context: {"post_id":2121,"has_version":false,"has_data":false}
[00:46:43 UTC] [INFO] Processing Elementor post | Context: {"post_id":1381}
[00:46:43 UTC] [INFO] Skipping post - not an Elementor page or missing data | Context: {"post_id":1381,"has_version":false,"has_data":false}
[00:46:43 UTC] [INFO] Processing Elementor post | Context: {"post_id":1378}
[00:46:43 UTC] [INFO] Skipping post - not an Elementor page or missing data | Context: {"post_id":1378,"has_version":false,"has_data":false}
[00:46:43 UTC] [INFO] Processing Elementor post | Context: {"post_id":1379}
[00:46:43 UTC] [INFO] Skipping post - not an Elementor page or missing data | Context: {"post_id":1379,"has_version":false,"has_data":false}
[00:46:43 UTC] [INFO] Processing Elementor post | Context: {"post_id":1380}
[00:46:43 UTC] [INFO] Skipping post - not an Elementor page or missing data | Context: {"post_id":1380,"has_version":false,"has_data":false}
[00:46:43 UTC] [INFO] Processing Elementor post | Context: {"post_id":1002}
[00:46:43 UTC] [INFO] Skipping post - not an Elementor page or missing data | Context: {"post_id":1002,"has_version":false,"has_data":false}
[00:46:43 UTC] [INFO] Processing Elementor post | Context: {"post_id":1004}
[00:46:43 UTC] [INFO] Skipping post - not an Elementor page or missing data | Context: {"post_id":1004,"has_version":false,"has_data":false}
[00:46:43 UTC] [INFO] Processing Elementor post | Context: {"post_id":1008}
[00:46:43 UTC] [INFO] Skipping post - not an Elementor page or missing data | Context: {"post_id":1008,"has_version":false,"has_data":false}
[00:46:43 UTC] [SUCCESS] Elementor batch processing completed successfully | Context: {"posts_processed":12}
[00:46:43 UTC] [INFO] Misc batch processing started
[00:46:43 UTC] [INFO] Misc batch processing skipped (not AI template)
[00:46:43 UTC] [INFO] Customizer image download batch processing started
[00:46:43 UTC] [INFO] Starting customizer image processing | Context: {"customizer_options_count":2278}
[00:46:43 UTC] [INFO] Processing customizer image | Context: {"original_url":"https:\/\/websitedemos.net\/plant-shop-09\/wp-content\/uploads\/sites\/1553\/2021\/08\/site-logo-white.svg"}
[00:46:43 UTC] [INFO] Starting image import for URL: https://websitedemos.net/plant-shop-09/wp-content/uploads/sites/1553/2021/08/site-logo-white.svg
[00:46:44 UTC] [INFO] Image already exists in media library (ID: 17), skipping download
[00:46:44 UTC] [SUCCESS] Customizer image processed successfully | Context: {"original_url":"https:\/\/websitedemos.net\/plant-shop-09\/wp-content\/uploads\/sites\/1553\/2021\/08\/site-logo-white.svg","downloaded_url":"http:\/\/localhost\/wordpress\/wp-content\/uploads\/2021\/08\/site-logo-white.svg","image_data":{"id":"17","url":"http:\/\/localhost\/wordpress\/wp-content\/uploads\/2021\/08\/site-logo-white.svg"}}
[00:46:44 UTC] [SUCCESS] Customizer image download completed | Context: {"options_processed":2278,"images_processed_successfully":1,"images_failed":0,"total_images_attempted":1}
[00:46:44 UTC] [SUCCESS] Customizer batch import method completed
[00:46:44 UTC] [INFO] Starting CE image metadata processing | Context: {"total_attachments":77,"offset":10,"chunk_size":10}
[00:46:44 UTC] [INFO] Processing CE image batch | Context: {"batch_size":10,"offset":10}
[00:46:44 UTC] [INFO] Generating attachment metadata | Context: {"attachment_id":314,"file":"plants-ecommerce-product-featured-img-9.jpg"}
[00:46:44 UTC] [INFO] Generating attachment metadata | Context: {"attachment_id":315,"file":"plants-ecommerce-product-featured-img-10.jpg"}
[00:46:45 UTC] [INFO] Generating attachment metadata | Context: {"attachment_id":316,"file":"plants-ecommerce-product-featured-img-11.jpg"}
[00:46:46 UTC] [INFO] Generating attachment metadata | Context: {"attachment_id":317,"file":"plants-ecommerce-product-featured-img-12.jpg"}
[00:46:46 UTC] [INFO] Generating attachment metadata | Context: {"attachment_id":318,"file":"plants-ecommerce-product-featured-img-13.jpg"}
[00:46:47 UTC] [INFO] Generating attachment metadata | Context: {"attachment_id":319,"file":"plants-ecommerce-product-featured-img-14.jpg"}
[00:46:48 UTC] [INFO] Generating attachment metadata | Context: {"attachment_id":320,"file":"plants-ecommerce-product-featured-img-15.jpg"}
[00:46:48 UTC] [INFO] Generating attachment metadata | Context: {"attachment_id":321,"file":"plants-ecommerce-product-featured-img-16.jpg"}
[00:46:49 UTC] [INFO] Generating attachment metadata | Context: {"attachment_id":322,"file":"plants-ecommerce-product-featured-img-17.jpg"}
[00:46:49 UTC] [INFO] Generating attachment metadata | Context: {"attachment_id":323,"file":"plants-ecommerce-product-featured-img-18.jpg"}
[00:46:50 UTC] [SUCCESS] CE image batch processing completed | Context: {"successful":10,"errors":0,"new_offset":20}
[00:46:50 UTC] [INFO] Starting CE image metadata processing | Context: {"total_attachments":77,"offset":20,"chunk_size":10}
[00:46:50 UTC] [INFO] Processing CE image batch | Context: {"batch_size":10,"offset":20}
[00:46:50 UTC] [INFO] Generating attachment metadata | Context: {"attachment_id":324,"file":"plants-ecommerce-product-featured-img-19.jpg"}
[00:46:51 UTC] [INFO] Generating attachment metadata | Context: {"attachment_id":325,"file":"plants-ecommerce-product-featured-img-20.jpg"}
[00:46:51 UTC] [INFO] Generating attachment metadata | Context: {"attachment_id":326,"file":"plants-store-blog-featured-img-1.jpg"}
[00:46:52 UTC] [INFO] Generating attachment metadata | Context: {"attachment_id":327,"file":"plants-store-blog-featured-img-2.jpg"}
[00:46:52 UTC] [INFO] Generating attachment metadata | Context: {"attachment_id":328,"file":"plants-store-new-plants-section-img-bg.jpg"}
[00:46:54 UTC] [INFO] Generating attachment metadata | Context: {"attachment_id":329,"file":"plants-store-about-video-img-thumb.jpg"}
[00:46:55 UTC] [INFO] Generating attachment metadata | Context: {"attachment_id":330,"file":"plants-store-owner-avatar-img.jpg"}
[00:46:55 UTC] [INFO] Generating attachment metadata | Context: {"attachment_id":331,"file":"Group-107.jpg"}
[00:46:56 UTC] [INFO] Generating attachment metadata | Context: {"attachment_id":332,"file":"plants-store-gallery-img-6.jpg"}
[00:46:56 UTC] [INFO] Generating attachment metadata | Context: {"attachment_id":333,"file":"plants-store-gallery-img-1.jpg"}
[00:46:57 UTC] [SUCCESS] CE image batch processing completed | Context: {"successful":10,"errors":0,"new_offset":30}